Archive member included because of file (symbol)

c:/winavr-20100110/bin/../lib/gcc/avr/4.3.3/avr5\libgcc.a(_mulsi3.o)
                              ./MCAL/TIMER1/Timer1_Prog.o (__mulsi3)
c:/winavr-20100110/bin/../lib/gcc/avr/4.3.3/avr5\libgcc.a(_udivmodqi4.o)
                              ./MCAL/TIMER0/Timer0_Prog.o (__udivmodqi4)
c:/winavr-20100110/bin/../lib/gcc/avr/4.3.3/avr5\libgcc.a(_udivmodhi4.o)
                              ./MCAL/TIMER1/Timer1_Prog.o (__udivmodhi4)
c:/winavr-20100110/bin/../lib/gcc/avr/4.3.3/avr5\libgcc.a(_udivmodsi4.o)
                              ./MCAL/TIMER1/Timer1_Prog.o (__udivmodsi4)
c:/winavr-20100110/bin/../lib/gcc/avr/4.3.3/avr5\libgcc.a(_exit.o)
                              c:/winavr-20100110/bin/../lib/gcc/avr/4.3.3/../../../../avr/lib/avr5/crtm32.o (exit)
c:/winavr-20100110/bin/../lib/gcc/avr/4.3.3/avr5\libgcc.a(_copy_data.o)
                              ./HAL/7 segment/7_SEG.o (__do_copy_data)
c:/winavr-20100110/bin/../lib/gcc/avr/4.3.3/avr5\libgcc.a(_clear_bss.o)
                              ./MCAL/TIMER1/Timer1_Prog.o (__do_clear_bss)
c:/winavr-20100110/bin/../lib/gcc/avr/4.3.3/avr5\libgcc.a(_fixunssfsi.o)
                              ./HAL/Ultrasonic/Ultrasonic_Prog.o (__fixunssfsi)
c:/winavr-20100110/bin/../lib/gcc/avr/4.3.3/avr5\libgcc.a(_addsub_sf.o)
                              c:/winavr-20100110/bin/../lib/gcc/avr/4.3.3/avr5\libgcc.a(_fixunssfsi.o) (__subsf3)
c:/winavr-20100110/bin/../lib/gcc/avr/4.3.3/avr5\libgcc.a(_mul_sf.o)
                              ./HAL/Ultrasonic/Ultrasonic_Prog.o (__mulsf3)
c:/winavr-20100110/bin/../lib/gcc/avr/4.3.3/avr5\libgcc.a(_div_sf.o)
                              ./HAL/Ultrasonic/Ultrasonic_Prog.o (__divsf3)
c:/winavr-20100110/bin/../lib/gcc/avr/4.3.3/avr5\libgcc.a(_gt_sf.o)
                              ./HAL/Ultrasonic/Ultrasonic_Prog.o (__gtsf2)
c:/winavr-20100110/bin/../lib/gcc/avr/4.3.3/avr5\libgcc.a(_ge_sf.o)
                              c:/winavr-20100110/bin/../lib/gcc/avr/4.3.3/avr5\libgcc.a(_fixunssfsi.o) (__gesf2)
c:/winavr-20100110/bin/../lib/gcc/avr/4.3.3/avr5\libgcc.a(_lt_sf.o)
                              ./HAL/Ultrasonic/Ultrasonic_Prog.o (__ltsf2)
c:/winavr-20100110/bin/../lib/gcc/avr/4.3.3/avr5\libgcc.a(_sf_to_si.o)
                              c:/winavr-20100110/bin/../lib/gcc/avr/4.3.3/avr5\libgcc.a(_fixunssfsi.o) (__fixsfsi)
c:/winavr-20100110/bin/../lib/gcc/avr/4.3.3/avr5\libgcc.a(_thenan_sf.o)
                              c:/winavr-20100110/bin/../lib/gcc/avr/4.3.3/avr5\libgcc.a(_addsub_sf.o) (__thenan_sf)
c:/winavr-20100110/bin/../lib/gcc/avr/4.3.3/avr5\libgcc.a(_prologue.o)
                              c:/winavr-20100110/bin/../lib/gcc/avr/4.3.3/avr5\libgcc.a(_addsub_sf.o) (__prologue_saves__)
c:/winavr-20100110/bin/../lib/gcc/avr/4.3.3/avr5\libgcc.a(_epilogue.o)
                              c:/winavr-20100110/bin/../lib/gcc/avr/4.3.3/avr5\libgcc.a(_addsub_sf.o) (__epilogue_restores__)
c:/winavr-20100110/bin/../lib/gcc/avr/4.3.3/avr5\libgcc.a(_pack_sf.o)
                              c:/winavr-20100110/bin/../lib/gcc/avr/4.3.3/avr5\libgcc.a(_addsub_sf.o) (__pack_f)
c:/winavr-20100110/bin/../lib/gcc/avr/4.3.3/avr5\libgcc.a(_unpack_sf.o)
                              c:/winavr-20100110/bin/../lib/gcc/avr/4.3.3/avr5\libgcc.a(_addsub_sf.o) (__unpack_f)
c:/winavr-20100110/bin/../lib/gcc/avr/4.3.3/avr5\libgcc.a(_fpcmp_parts_sf.o)
                              c:/winavr-20100110/bin/../lib/gcc/avr/4.3.3/avr5\libgcc.a(_gt_sf.o) (__fpcmp_parts_f)
c:/winavr-20100110/bin/../lib/gcc/avr/4.3.3/../../../../avr/lib/avr5\libc.a(strcmp.o)
                              ./main.o (strcmp)

Allocating common symbols
Common symbol       size              file

t3                  0x2               ./MCAL/TIMER1/Timer_services.o
t2                  0x2               ./MCAL/TIMER1/Timer_services.o
t1                  0x2               ./MCAL/TIMER1/Timer_services.o

Memory Configuration

Name             Origin             Length             Attributes
text             0x00000000         0x00020000         xr
data             0x00800060         0x0000ffa0         rw !x
eeprom           0x00810000         0x00010000         rw !x
fuse             0x00820000         0x00000400         rw !x
lock             0x00830000         0x00000400         rw !x
signature        0x00840000         0x00000400         rw !x
*default*        0x00000000         0xffffffff

Linker script and memory map

LOAD c:/winavr-20100110/bin/../lib/gcc/avr/4.3.3/../../../../avr/lib/avr5/crtm32.o
LOAD ./MCAL/USART_Driver/USART.o
LOAD ./MCAL/TIMER1/Timer1_Prog.o
LOAD ./MCAL/TIMER1/Timer_services.o
LOAD ./MCAL/TIMER0/Timer0_Prog.o
LOAD ./MCAL/SPI_Driver/SPI.o
LOAD ./MCAL/IIC_Driver/IIC_Prog.o
LOAD ./MCAL/GIE_Driver/GIE.o
LOAD ./MCAL/EXTI_Driver/EXTI.o
LOAD ./MCAL/DIO_Driver/DIO.o
LOAD ./MCAL/ADC_Driver/ADC_Prog.o
LOAD ./HAL/Ultrasonic/Ultrasonic_Prog.o
LOAD ./HAL/Stepper_Motor/Stepper_Motor.o
LOAD ./HAL/PIR_Sensor/PIR_Sensor_Prog.o
LOAD ./HAL/LCD_Driver/LCD.o
LOAD ./HAL/KeyPad_Driver/Keypad.o
LOAD ./HAL/JoyStick_Driver/JoyStick_prog.o
LOAD ./HAL/EEPROM/EEPROM_Prog.o
LOAD ./HAL/DC_Motor/DC_Motor_Prog.o
LOAD ./HAL/7 segment/7_SEG.o
LOAD ./main.o
LOAD c:/winavr-20100110/bin/../lib/gcc/avr/4.3.3/avr5\libgcc.a
LOAD c:/winavr-20100110/bin/../lib/gcc/avr/4.3.3/../../../../avr/lib/avr5\libc.a
LOAD c:/winavr-20100110/bin/../lib/gcc/avr/4.3.3/avr5\libgcc.a

.hash
 *(.hash)

.dynsym
 *(.dynsym)

.dynstr
 *(.dynstr)

.gnu.version
 *(.gnu.version)

.gnu.version_d
 *(.gnu.version_d)

.gnu.version_r
 *(.gnu.version_r)

.rel.init
 *(.rel.init)

.rela.init
 *(.rela.init)

.rel.text
 *(.rel.text)
 *(.rel.text.*)
 *(.rel.gnu.linkonce.t*)

.rela.text
 *(.rela.text)
 *(.rela.text.*)
 *(.rela.gnu.linkonce.t*)

.rel.fini
 *(.rel.fini)

.rela.fini
 *(.rela.fini)

.rel.rodata
 *(.rel.rodata)
 *(.rel.rodata.*)
 *(.rel.gnu.linkonce.r*)

.rela.rodata
 *(.rela.rodata)
 *(.rela.rodata.*)
 *(.rela.gnu.linkonce.r*)

.rel.data
 *(.rel.data)
 *(.rel.data.*)
 *(.rel.gnu.linkonce.d*)

.rela.data
 *(.rela.data)
 *(.rela.data.*)
 *(.rela.gnu.linkonce.d*)

.rel.ctors
 *(.rel.ctors)

.rela.ctors
 *(.rela.ctors)

.rel.dtors
 *(.rel.dtors)

.rela.dtors
 *(.rela.dtors)

.rel.got
 *(.rel.got)

.rela.got
 *(.rela.got)

.rel.bss
 *(.rel.bss)

.rela.bss
 *(.rela.bss)

.rel.plt
 *(.rel.plt)

.rela.plt
 *(.rela.plt)

.text           0x00000000     0x6000
 *(.vectors)
 .vectors       0x00000000       0x54 c:/winavr-20100110/bin/../lib/gcc/avr/4.3.3/../../../../avr/lib/avr5/crtm32.o
                0x00000000                __vectors
                0x00000000                __vector_default
 *(.vectors)
 *(.progmem.gcc*)
 *(.progmem*)
                0x00000054                . = ALIGN (0x2)
                0x00000054                __trampolines_start = .
 *(.trampolines)
 .trampolines   0x00000054        0x0 linker stubs
 *(.trampolines*)
                0x00000054                __trampolines_end = .
 *(.jumptables)
 *(.jumptables*)
 *(.lowtext)
 *(.lowtext*)
                0x00000054                __ctors_start = .
 *(.ctors)
                0x00000054                __ctors_end = .
                0x00000054                __dtors_start = .
 *(.dtors)
                0x00000054                __dtors_end = .
 SORT(*)(.ctors)
 SORT(*)(.dtors)
 *(.init0)
 .init0         0x00000054        0x0 c:/winavr-20100110/bin/../lib/gcc/avr/4.3.3/../../../../avr/lib/avr5/crtm32.o
                0x00000054                __init
 *(.init0)
 *(.init1)
 *(.init1)
 *(.init2)
 .init2         0x00000054        0xc c:/winavr-20100110/bin/../lib/gcc/avr/4.3.3/../../../../avr/lib/avr5/crtm32.o
 *(.init2)
 *(.init3)
 *(.init3)
 *(.init4)
 .init4         0x00000060       0x16 c:/winavr-20100110/bin/../lib/gcc/avr/4.3.3/avr5\libgcc.a(_copy_data.o)
                0x00000060                __do_copy_data
 .init4         0x00000076       0x10 c:/winavr-20100110/bin/../lib/gcc/avr/4.3.3/avr5\libgcc.a(_clear_bss.o)
                0x00000076                __do_clear_bss
 *(.init4)
 *(.init5)
 *(.init5)
 *(.init6)
 *(.init6)
 *(.init7)
 *(.init7)
 *(.init8)
 *(.init8)
 *(.init9)
 .init9         0x00000086        0x8 c:/winavr-20100110/bin/../lib/gcc/avr/4.3.3/../../../../avr/lib/avr5/crtm32.o
 *(.init9)
 *(.text)
 .text          0x0000008e        0x4 c:/winavr-20100110/bin/../lib/gcc/avr/4.3.3/../../../../avr/lib/avr5/crtm32.o
                0x0000008e                __vector_12
                0x0000008e                __bad_interrupt
                0x0000008e                __vector_13
                0x0000008e                __vector_17
                0x0000008e                __vector_19
                0x0000008e                __vector_5
                0x0000008e                __vector_4
                0x0000008e                __vector_15
                0x0000008e                __vector_14
                0x0000008e                __vector_18
                0x0000008e                __vector_20
 .text          0x00000092        0x0 ./MCAL/USART_Driver/USART.o
 .text          0x00000092        0x0 ./MCAL/TIMER1/Timer1_Prog.o
 .text          0x00000092        0x0 ./MCAL/TIMER1/Timer_services.o
 .text          0x00000092        0x0 ./MCAL/TIMER0/Timer0_Prog.o
 .text          0x00000092        0x0 ./MCAL/SPI_Driver/SPI.o
 .text          0x00000092        0x0 ./MCAL/IIC_Driver/IIC_Prog.o
 .text          0x00000092        0x0 ./MCAL/GIE_Driver/GIE.o
 .text          0x00000092        0x0 ./MCAL/EXTI_Driver/EXTI.o
 .text          0x00000092        0x0 ./MCAL/DIO_Driver/DIO.o
 .text          0x00000092        0x0 ./MCAL/ADC_Driver/ADC_Prog.o
 .text          0x00000092        0x0 ./HAL/Ultrasonic/Ultrasonic_Prog.o
 .text          0x00000092        0x0 ./HAL/Stepper_Motor/Stepper_Motor.o
 .text          0x00000092        0x0 ./HAL/PIR_Sensor/PIR_Sensor_Prog.o
 .text          0x00000092        0x0 ./HAL/LCD_Driver/LCD.o
 .text          0x00000092        0x0 ./HAL/KeyPad_Driver/Keypad.o
 .text          0x00000092        0x0 ./HAL/JoyStick_Driver/JoyStick_prog.o
 .text          0x00000092        0x0 ./HAL/EEPROM/EEPROM_Prog.o
 .text          0x00000092        0x0 ./HAL/DC_Motor/DC_Motor_Prog.o
 .text          0x00000092        0x0 ./HAL/7 segment/7_SEG.o
 .text          0x00000092        0x0 ./main.o
 .text          0x00000092        0x0 c:/winavr-20100110/bin/../lib/gcc/avr/4.3.3/avr5\libgcc.a(_mulsi3.o)
 .text          0x00000092        0x0 c:/winavr-20100110/bin/../lib/gcc/avr/4.3.3/avr5\libgcc.a(_udivmodqi4.o)
 .text          0x00000092        0x0 c:/winavr-20100110/bin/../lib/gcc/avr/4.3.3/avr5\libgcc.a(_udivmodhi4.o)
 .text          0x00000092        0x0 c:/winavr-20100110/bin/../lib/gcc/avr/4.3.3/avr5\libgcc.a(_udivmodsi4.o)
 .text          0x00000092        0x0 c:/winavr-20100110/bin/../lib/gcc/avr/4.3.3/avr5\libgcc.a(_exit.o)
 .text          0x00000092        0x0 c:/winavr-20100110/bin/../lib/gcc/avr/4.3.3/avr5\libgcc.a(_copy_data.o)
 .text          0x00000092        0x0 c:/winavr-20100110/bin/../lib/gcc/avr/4.3.3/avr5\libgcc.a(_clear_bss.o)
 .text          0x00000092       0x58 c:/winavr-20100110/bin/../lib/gcc/avr/4.3.3/avr5\libgcc.a(_fixunssfsi.o)
                0x00000092                __fixunssfsi
 .text          0x000000ea      0x354 c:/winavr-20100110/bin/../lib/gcc/avr/4.3.3/avr5\libgcc.a(_addsub_sf.o)
                0x00000382                __subsf3
                0x000003e4                __addsf3
 .text          0x0000043e      0x1f4 c:/winavr-20100110/bin/../lib/gcc/avr/4.3.3/avr5\libgcc.a(_mul_sf.o)
                0x0000043e                __mulsf3
 .text          0x00000632      0x158 c:/winavr-20100110/bin/../lib/gcc/avr/4.3.3/avr5\libgcc.a(_div_sf.o)
                0x00000632                __divsf3
 .text          0x0000078a       0x60 c:/winavr-20100110/bin/../lib/gcc/avr/4.3.3/avr5\libgcc.a(_gt_sf.o)
                0x0000078a                __gtsf2
 .text          0x000007ea       0x60 c:/winavr-20100110/bin/../lib/gcc/avr/4.3.3/avr5\libgcc.a(_ge_sf.o)
                0x000007ea                __gesf2
 .text          0x0000084a       0x60 c:/winavr-20100110/bin/../lib/gcc/avr/4.3.3/avr5\libgcc.a(_lt_sf.o)
                0x0000084a                __ltsf2
 .text          0x000008aa       0xa8 c:/winavr-20100110/bin/../lib/gcc/avr/4.3.3/avr5\libgcc.a(_sf_to_si.o)
                0x000008aa                __fixsfsi
 .text          0x00000952        0x0 c:/winavr-20100110/bin/../lib/gcc/avr/4.3.3/avr5\libgcc.a(_thenan_sf.o)
 .text          0x00000952        0x0 c:/winavr-20100110/bin/../lib/gcc/avr/4.3.3/avr5\libgcc.a(_prologue.o)
 .text          0x00000952        0x0 c:/winavr-20100110/bin/../lib/gcc/avr/4.3.3/avr5\libgcc.a(_epilogue.o)
 .text          0x00000952      0x1aa c:/winavr-20100110/bin/../lib/gcc/avr/4.3.3/avr5\libgcc.a(_pack_sf.o)
                0x00000952                __pack_f
 .text          0x00000afc       0xf0 c:/winavr-20100110/bin/../lib/gcc/avr/4.3.3/avr5\libgcc.a(_unpack_sf.o)
                0x00000afc                __unpack_f
 .text          0x00000bec       0xb2 c:/winavr-20100110/bin/../lib/gcc/avr/4.3.3/avr5\libgcc.a(_fpcmp_parts_sf.o)
                0x00000bec                __fpcmp_parts_f
 .text          0x00000c9e        0x0 c:/winavr-20100110/bin/../lib/gcc/avr/4.3.3/../../../../avr/lib/avr5\libc.a(strcmp.o)
                0x00000c9e                . = ALIGN (0x2)
 *(.text.*)
 .text.USART_Init
                0x00000c9e       0xa0 ./MCAL/USART_Driver/USART.o
                0x00000c9e                USART_Init
 .text.USART_Send_Char
                0x00000d3e       0x34 ./MCAL/USART_Driver/USART.o
                0x00000d3e                USART_Send_Char
 .text.USART_Recieve_Char
                0x00000d72       0x44 ./MCAL/USART_Driver/USART.o
                0x00000d72                USART_Recieve_Char
 .text.USAERT_Send_STRING
                0x00000db6       0x4c ./MCAL/USART_Driver/USART.o
                0x00000db6                USAERT_Send_STRING
 .text.USAERT_Recieve_STRING
                0x00000e02       0x5a ./MCAL/USART_Driver/USART.o
                0x00000e02                USAERT_Recieve_STRING
 .text.Timer1_voidInit
                0x00000e5c       0xd2 ./MCAL/TIMER1/Timer1_Prog.o
                0x00000e5c                Timer1_voidInit
 .text.PWM_Init
                0x00000f2e       0x12 ./MCAL/TIMER1/Timer1_Prog.o
                0x00000f2e                PWM_Init
 .text.PWM_Freq_KHz
                0x00000f40       0x5a ./MCAL/TIMER1/Timer1_Prog.o
                0x00000f40                PWM_Freq_KHz
 .text.PWM_Freq_Hz
                0x00000f9a       0x68 ./MCAL/TIMER1/Timer1_Prog.o
                0x00000f9a                PWM_Freq_Hz
 .text.PWM_Duty_OCR1A
                0x00001002       0x90 ./MCAL/TIMER1/Timer1_Prog.o
                0x00001002                PWM_Duty_OCR1A
 .text.PWM_Duty_OCR1B
                0x00001092       0x90 ./MCAL/TIMER1/Timer1_Prog.o
                0x00001092                PWM_Duty_OCR1B
 .text.Timer1_voidPreload
                0x00001122       0x24 ./MCAL/TIMER1/Timer1_Prog.o
                0x00001122                Timer1_voidPreload
 .text.Timer1_voidSetCounterTOP
                0x00001146       0x2e ./MCAL/TIMER1/Timer1_Prog.o
                0x00001146                Timer1_voidSetCounterTOP
 .text.Timer1_voidSetOCACompareValue
                0x00001174       0x24 ./MCAL/TIMER1/Timer1_Prog.o
                0x00001174                Timer1_voidSetOCACompareValue
 .text.Timer1_voidSetOCBCompareValue
                0x00001198       0x24 ./MCAL/TIMER1/Timer1_Prog.o
                0x00001198                Timer1_voidSetOCBCompareValue
 .text.Timer1_voidOC1ASetDutyCycle
                0x000011bc       0x7e ./MCAL/TIMER1/Timer1_Prog.o
                0x000011bc                Timer1_voidOC1ASetDutyCycle
 .text.Timer1_voidOC1BSetDutyCycle
                0x0000123a       0x7e ./MCAL/TIMER1/Timer1_Prog.o
                0x0000123a                Timer1_voidOC1BSetDutyCycle
 .text.Timer1_voidGetCounterValue
                0x000012b8       0x30 ./MCAL/TIMER1/Timer1_Prog.o
                0x000012b8                Timer1_voidGetCounterValue
 .text.Timer1_voidEnableNoiseCanceler
                0x000012e8       0x1c ./MCAL/TIMER1/Timer1_Prog.o
                0x000012e8                Timer1_voidEnableNoiseCanceler
 .text.Timer1_voidDisableNoiseCanceler
                0x00001304       0x1c ./MCAL/TIMER1/Timer1_Prog.o
                0x00001304                Timer1_voidDisableNoiseCanceler
 .text.Timer1_voidICEdgeSelect
                0x00001320       0x56 ./MCAL/TIMER1/Timer1_Prog.o
                0x00001320                Timer1_voidICEdgeSelect
 .text.Timer1_voidGetCapturedValue
                0x00001376       0x30 ./MCAL/TIMER1/Timer1_Prog.o
                0x00001376                Timer1_voidGetCapturedValue
 .text.Timer1_PWM_Freq_KHz
                0x000013a6       0x5a ./MCAL/TIMER1/Timer1_Prog.o
                0x000013a6                Timer1_PWM_Freq_KHz
 .text.Timer1_PWM_Freq_Hz
                0x00001400       0x68 ./MCAL/TIMER1/Timer1_Prog.o
                0x00001400                Timer1_PWM_Freq_Hz
 .text.Timer1_PWM_Duty
                0x00001468       0x90 ./MCAL/TIMER1/Timer1_Prog.o
                0x00001468                Timer1_PWM_Duty
 .text.Timer1_voidOVFEnableInterrupt
                0x000014f8       0x1c ./MCAL/TIMER1/Timer1_Prog.o
                0x000014f8                Timer1_voidOVFEnableInterrupt
 .text.Timer1_voidOVFDisableInterrupt
                0x00001514       0x1c ./MCAL/TIMER1/Timer1_Prog.o
                0x00001514                Timer1_voidOVFDisableInterrupt
 .text.Timer1_voidOCAEnableInterrupt
                0x00001530       0x1c ./MCAL/TIMER1/Timer1_Prog.o
                0x00001530                Timer1_voidOCAEnableInterrupt
 .text.Timer1_voidOCADisableInterrupt
                0x0000154c       0x1c ./MCAL/TIMER1/Timer1_Prog.o
                0x0000154c                Timer1_voidOCADisableInterrupt
 .text.Timer1_voidOCBEnableInterrupt
                0x00001568       0x1c ./MCAL/TIMER1/Timer1_Prog.o
                0x00001568                Timer1_voidOCBEnableInterrupt
 .text.Timer1_voidOCBDisableInterrupt
                0x00001584       0x1c ./MCAL/TIMER1/Timer1_Prog.o
                0x00001584                Timer1_voidOCBDisableInterrupt
 .text.Timer1_voidCaptureEventEnableInterrupt
                0x000015a0       0x1c ./MCAL/TIMER1/Timer1_Prog.o
                0x000015a0                Timer1_voidCaptureEventEnableInterrupt
 .text.Timer1_voidCaptureEventDisableInterrupt
                0x000015bc       0x1c ./MCAL/TIMER1/Timer1_Prog.o
                0x000015bc                Timer1_voidCaptureEventDisableInterrupt
 .text.Timer1_voidOVFPollingOnFlag
                0x000015d8       0x32 ./MCAL/TIMER1/Timer1_Prog.o
                0x000015d8                Timer1_voidOVFPollingOnFlag
 .text.Timer1_voidOCAPollingOnFlag
                0x0000160a       0x32 ./MCAL/TIMER1/Timer1_Prog.o
                0x0000160a                Timer1_voidOCAPollingOnFlag
 .text.Timer1_voidOCBPollingOnFlag
                0x0000163c       0x34 ./MCAL/TIMER1/Timer1_Prog.o
                0x0000163c                Timer1_voidOCBPollingOnFlag
 .text.Timer1_voidCaptureEventPollingOnFlag
                0x00001670       0x34 ./MCAL/TIMER1/Timer1_Prog.o
                0x00001670                Timer1_voidCaptureEventPollingOnFlag
 .text.Timer1_voidOVFSetCallBack
                0x000016a4       0x2c ./MCAL/TIMER1/Timer1_Prog.o
                0x000016a4                Timer1_voidOVFSetCallBack
 .text.Timer1_voidOCASetCallBack
                0x000016d0       0x2c ./MCAL/TIMER1/Timer1_Prog.o
                0x000016d0                Timer1_voidOCASetCallBack
 .text.Timer1_voidOCBSetCallBack
                0x000016fc       0x2c ./MCAL/TIMER1/Timer1_Prog.o
                0x000016fc                Timer1_voidOCBSetCallBack
 .text.Timer1_voidCaptureEventSetCallBack
                0x00001728       0x2c ./MCAL/TIMER1/Timer1_Prog.o
                0x00001728                Timer1_voidCaptureEventSetCallBack
 .text.Timer1_voidResetPrescaler
                0x00001754       0x1c ./MCAL/TIMER1/Timer1_Prog.o
                0x00001754                Timer1_voidResetPrescaler
 .text.__vector_9
                0x00001770       0x66 ./MCAL/TIMER1/Timer1_Prog.o
                0x00001770                __vector_9
 .text.__vector_8
                0x000017d6       0x66 ./MCAL/TIMER1/Timer1_Prog.o
                0x000017d6                __vector_8
 .text.__vector_7
                0x0000183c       0x66 ./MCAL/TIMER1/Timer1_Prog.o
                0x0000183c                __vector_7
 .text.__vector_6
                0x000018a2       0x66 ./MCAL/TIMER1/Timer1_Prog.o
                0x000018a2                __vector_6
 .text.Func_ICU
                0x00001908       0x7c ./MCAL/TIMER1/Timer_services.o
 .text.PWM_Measure
                0x00001984       0xf4 ./MCAL/TIMER1/Timer_services.o
                0x00001984                PWM_Measure
 .text.Timer0_voidInit
                0x00001a78       0x7e ./MCAL/TIMER0/Timer0_Prog.o
                0x00001a78                Timer0_voidInit
 .text.Timer0_voidPreload
                0x00001af6       0x1c ./MCAL/TIMER0/Timer0_Prog.o
                0x00001af6                Timer0_voidPreload
 .text.Timer0_voidSetCTCValue
                0x00001b12       0x1c ./MCAL/TIMER0/Timer0_Prog.o
                0x00001b12                Timer0_voidSetCTCValue
 .text.Timer0_voidGetCounterValue
                0x00001b2e       0x24 ./MCAL/TIMER0/Timer0_Prog.o
                0x00001b2e                Timer0_voidGetCounterValue
 .text.Timer0_voidEnableOVFInterrupt
                0x00001b52       0x1c ./MCAL/TIMER0/Timer0_Prog.o
                0x00001b52                Timer0_voidEnableOVFInterrupt
 .text.Timer0_voidDisableOVFInterrupt
                0x00001b6e       0x1c ./MCAL/TIMER0/Timer0_Prog.o
                0x00001b6e                Timer0_voidDisableOVFInterrupt
 .text.Timer0_voidEnableOCMInterrupt
                0x00001b8a       0x1c ./MCAL/TIMER0/Timer0_Prog.o
                0x00001b8a                Timer0_voidEnableOCMInterrupt
 .text.Timer0_voidDisableOCMInterrupt
                0x00001ba6       0x1c ./MCAL/TIMER0/Timer0_Prog.o
                0x00001ba6                Timer0_voidDisableOCMInterrupt
 .text.Timer0_voidOVFSetCallBack
                0x00001bc2       0x2c ./MCAL/TIMER0/Timer0_Prog.o
                0x00001bc2                Timer0_voidOVFSetCallBack
 .text.Timer0_voidOCMSetCallBack
                0x00001bee       0x2c ./MCAL/TIMER0/Timer0_Prog.o
                0x00001bee                Timer0_voidOCMSetCallBack
 .text.Timer0_voidOVFPollingOnFlag
                0x00001c1a       0x2e ./MCAL/TIMER0/Timer0_Prog.o
                0x00001c1a                Timer0_voidOVFPollingOnFlag
 .text.Timer0_voidOCMPollingOnFlag
                0x00001c48       0x30 ./MCAL/TIMER0/Timer0_Prog.o
                0x00001c48                Timer0_voidOCMPollingOnFlag
 .text.Timer0_voidSetDutyCycle
                0x00001c78       0x48 ./MCAL/TIMER0/Timer0_Prog.o
                0x00001c78                Timer0_voidSetDutyCycle
 .text.__vector_10
                0x00001cc0       0x66 ./MCAL/TIMER0/Timer0_Prog.o
                0x00001cc0                __vector_10
 .text.__vector_11
                0x00001d26       0x66 ./MCAL/TIMER0/Timer0_Prog.o
                0x00001d26                __vector_11
 .text.MCAL_SPI_Init
                0x00001d8c       0x92 ./MCAL/SPI_Driver/SPI.o
                0x00001d8c                MCAL_SPI_Init
 .text.MCAL_SPI_MasterSend_Data
                0x00001e1e       0x3a ./MCAL/SPI_Driver/SPI.o
                0x00001e1e                MCAL_SPI_MasterSend_Data
 .text.MCAL_SPI_SlaveRecieve_Data
                0x00001e58       0x2c ./MCAL/SPI_Driver/SPI.o
                0x00001e58                MCAL_SPI_SlaveRecieve_Data
 .text.MCAL_SPI_TX_RX
                0x00001e84       0x42 ./MCAL/SPI_Driver/SPI.o
                0x00001e84                MCAL_SPI_TX_RX
 .text.MCAL_SPI_Set_Pins_Master
                0x00001ec6       0x1c ./MCAL/SPI_Driver/SPI.o
                0x00001ec6                MCAL_SPI_Set_Pins_Master
 .text.MCAL_SPI_Set_Pins_SLAVE
                0x00001ee2       0x1c ./MCAL/SPI_Driver/SPI.o
                0x00001ee2                MCAL_SPI_Set_Pins_SLAVE
 .text.IIC_MasterInit
                0x00001efe       0x5a ./MCAL/IIC_Driver/IIC_Prog.o
                0x00001efe                IIC_MasterInit
 .text.IIC_SlaveInit
                0x00001f58       0x2c ./MCAL/IIC_Driver/IIC_Prog.o
                0x00001f58                IIC_SlaveInit
 .text.IIC_SlaveCheckAdress
                0x00001f84       0x9a ./MCAL/IIC_Driver/IIC_Prog.o
                0x00001f84                IIC_SlaveCheckAdress
 .text.IIC_StartCondition
                0x0000201e       0x40 ./MCAL/IIC_Driver/IIC_Prog.o
                0x0000201e                IIC_StartCondition
 .text.IIC_RepeatedStartCondition
                0x0000205e       0x30 ./MCAL/IIC_Driver/IIC_Prog.o
                0x0000205e                IIC_RepeatedStartCondition
 .text.IIC_SendSlaveAdress
                0x0000208e       0x5c ./MCAL/IIC_Driver/IIC_Prog.o
                0x0000208e                IIC_SendSlaveAdress
 .text.IIC_MasterSendData_ACK
                0x000020ea       0x4c ./MCAL/IIC_Driver/IIC_Prog.o
                0x000020ea                IIC_MasterSendData_ACK
 .text.IIC_SlaveReceieveData
                0x00002136       0x9e ./MCAL/IIC_Driver/IIC_Prog.o
                0x00002136                IIC_SlaveReceieveData
 .text.IIC_Master_ReadData_ACK
                0x000021d4       0x56 ./MCAL/IIC_Driver/IIC_Prog.o
                0x000021d4                IIC_Master_ReadData_ACK
 .text.IIC_Master_ReadData_NACK
                0x0000222a       0x56 ./MCAL/IIC_Driver/IIC_Prog.o
                0x0000222a                IIC_Master_ReadData_NACK
 .text.IIC_StopCondition
                0x00002280       0x30 ./MCAL/IIC_Driver/IIC_Prog.o
                0x00002280                IIC_StopCondition
 .text.EnableGlobalEnterrupt
                0x000022b0       0x24 ./MCAL/GIE_Driver/GIE.o
                0x000022b0                EnableGlobalEnterrupt
 .text.DisableGlobalEnterrupt
                0x000022d4       0x24 ./MCAL/GIE_Driver/GIE.o
                0x000022d4                DisableGlobalEnterrupt
 .text.EXI_SetCallBack
                0x000022f8       0x72 ./MCAL/EXTI_Driver/EXTI.o
                0x000022f8                EXI_SetCallBack
 .text.EXTI_Enable
                0x0000236a       0x6e ./MCAL/EXTI_Driver/EXTI.o
                0x0000236a                EXTI_Enable
 .text.EXTI_Disable
                0x000023d8       0x6e ./MCAL/EXTI_Driver/EXTI.o
                0x000023d8                EXTI_Disable
 .text.EXTI_TriggerEdge
                0x00002446      0x210 ./MCAL/EXTI_Driver/EXTI.o
                0x00002446                EXTI_TriggerEdge
 .text.__vector_1
                0x00002656       0x66 ./MCAL/EXTI_Driver/EXTI.o
                0x00002656                __vector_1
 .text.__vector_2
                0x000026bc       0x66 ./MCAL/EXTI_Driver/EXTI.o
                0x000026bc                __vector_2
 .text.__vector_3
                0x00002722       0x66 ./MCAL/EXTI_Driver/EXTI.o
                0x00002722                __vector_3
 .text.DIO_Write_Pin_Dir
                0x00002788      0x1e4 ./MCAL/DIO_Driver/DIO.o
                0x00002788                DIO_Write_Pin_Dir
 .text.DIO_Write_Port_Dir
                0x0000296c       0xba ./MCAL/DIO_Driver/DIO.o
                0x0000296c                DIO_Write_Port_Dir
 .text.DIO_Write_Pin
                0x00002a26      0x1e4 ./MCAL/DIO_Driver/DIO.o
                0x00002a26                DIO_Write_Pin
 .text.DIO_Write_Port
                0x00002c0a       0x82 ./MCAL/DIO_Driver/DIO.o
                0x00002c0a                DIO_Write_Port
 .text.DIO_Read
                0x00002c8c      0x16a ./MCAL/DIO_Driver/DIO.o
                0x00002c8c                DIO_Read
 .text.DIO_Toggle_Pin
                0x00002df6       0xfa ./MCAL/DIO_Driver/DIO.o
                0x00002df6                DIO_Toggle_Pin
 .text.DIO_Toggle_Port
                0x00002ef0       0x96 ./MCAL/DIO_Driver/DIO.o
                0x00002ef0                DIO_Toggle_Port
 .text.ADC_INIT
                0x00002f86       0x40 ./MCAL/ADC_Driver/ADC_Prog.o
                0x00002f86                ADC_INIT
 .text.ADC_Start
                0x00002fc6       0x24 ./MCAL/ADC_Driver/ADC_Prog.o
                0x00002fc6                ADC_Start
 .text.ADC_PollingSystem
                0x00002fea       0x3a ./MCAL/ADC_Driver/ADC_Prog.o
                0x00002fea                ADC_PollingSystem
 .text.ADC_ReadHighValue
                0x00003024       0x54 ./MCAL/ADC_Driver/ADC_Prog.o
                0x00003024                ADC_ReadHighValue
 .text.ADC_Read
                0x00003078       0x54 ./MCAL/ADC_Driver/ADC_Prog.o
                0x00003078                ADC_Read
 .text.ADC_CallBack
                0x000030cc       0x4a ./MCAL/ADC_Driver/ADC_Prog.o
                0x000030cc                ADC_CallBack
 .text.ADC_Select_Channel
                0x00003116       0x38 ./MCAL/ADC_Driver/ADC_Prog.o
                0x00003116                ADC_Select_Channel
 .text.ADC_Enable_Triggring_Mode
                0x0000314e       0xb2 ./MCAL/ADC_Driver/ADC_Prog.o
                0x0000314e                ADC_Enable_Triggring_Mode
 .text.ADC_Disable_Triggring_Mode
                0x00003200       0x24 ./MCAL/ADC_Driver/ADC_Prog.o
                0x00003200                ADC_Disable_Triggring_Mode
 .text.ADC_EnableInterruptMode
                0x00003224       0x24 ./MCAL/ADC_Driver/ADC_Prog.o
                0x00003224                ADC_EnableInterruptMode
 .text.__vector_16
                0x00003248       0x6e ./MCAL/ADC_Driver/ADC_Prog.o
                0x00003248                __vector_16
 .text.Fun_ICU  0x000032b6       0x64 ./HAL/Ultrasonic/Ultrasonic_Prog.o
 .text.Fun_OVF  0x0000331a       0x18 ./HAL/Ultrasonic/Ultrasonic_Prog.o
 .text.Ultrasonic_VoidInit
                0x00003332       0x1e ./HAL/Ultrasonic/Ultrasonic_Prog.o
                0x00003332                Ultrasonic_VoidInit
 .text.Ultrasonic_u8Start
                0x00003350      0x1ee ./HAL/Ultrasonic/Ultrasonic_Prog.o
                0x00003350                Ultrasonic_u8Start
 .text.Ultrasonic_VoidReadDistanceNoBlock
                0x0000353e       0xba ./HAL/Ultrasonic/Ultrasonic_Prog.o
                0x0000353e                Ultrasonic_VoidReadDistanceNoBlock
 .text.Ultrasonic_VoidReadDistance
                0x000035f8      0x276 ./HAL/Ultrasonic/Ultrasonic_Prog.o
                0x000035f8                Ultrasonic_VoidReadDistance
 .text.Stepper_Motor_Init
                0x0000386e      0x42e ./HAL/Stepper_Motor/Stepper_Motor.o
                0x0000386e                Stepper_Motor_Init
 .text.Stepper_Motor_GoForward
                0x00003c9c      0x472 ./HAL/Stepper_Motor/Stepper_Motor.o
                0x00003c9c                Stepper_Motor_GoForward
 .text.Stepper_Motor_GoBackward
                0x0000410e      0x472 ./HAL/Stepper_Motor/Stepper_Motor.o
                0x0000410e                Stepper_Motor_GoBackward
 .text.Stepper_Motor_TurnOff
                0x00004580       0x36 ./HAL/Stepper_Motor/Stepper_Motor.o
                0x00004580                Stepper_Motor_TurnOff
 .text.PIR_voidInit
                0x000045b6       0x18 ./HAL/PIR_Sensor/PIR_Sensor_Prog.o
                0x000045b6                PIR_voidInit
 .text.PIR_Set_CallBack
                0x000045ce       0x54 ./HAL/PIR_Sensor/PIR_Sensor_Prog.o
                0x000045ce                PIR_Set_CallBack
 .text.LCD_Clear_Screen
                0x00004622       0x14 ./HAL/LCD_Driver/LCD.o
                0x00004622                LCD_Clear_Screen
 .text.LCD_Enable
                0x00004636      0x11e ./HAL/LCD_Driver/LCD.o
                0x00004636                LCD_Enable
 .text.LCD_Init
                0x00004754      0x59e ./HAL/LCD_Driver/LCD.o
                0x00004754                LCD_Init
 .text.LCD_Wirte_Cmd
                0x00004cf2      0x250 ./HAL/LCD_Driver/LCD.o
                0x00004cf2                LCD_Wirte_Cmd
 .text.Lcd_Write_Char
                0x00004f42      0x162 ./HAL/LCD_Driver/LCD.o
                0x00004f42                Lcd_Write_Char
 .text.LCD_Write_String
                0x000050a4      0x15a ./HAL/LCD_Driver/LCD.o
                0x000050a4                LCD_Write_String
 .text.LCD_GO_TO_INDEX
                0x000051fe       0x54 ./HAL/LCD_Driver/LCD.o
                0x000051fe                LCD_GO_TO_INDEX
 .text.LCD_Store_Customer_Char
                0x00005252       0x76 ./HAL/LCD_Driver/LCD.o
                0x00005252                LCD_Store_Customer_Char
 .text.LCD_Display_Customer_Char
                0x000052c8       0x2c ./HAL/LCD_Driver/LCD.o
                0x000052c8                LCD_Display_Customer_Char
 .text.LCD_Write_Number
                0x000052f4      0x104 ./HAL/LCD_Driver/LCD.o
                0x000052f4                LCD_Write_Number
 .text.KeYPad_Init
                0x000053f8       0x1e ./HAL/KeyPad_Driver/Keypad.o
                0x000053f8                KeYPad_Init
 .text.KeyPAd_Scan
                0x00005416      0x2ac ./HAL/KeyPad_Driver/Keypad.o
                0x00005416                KeyPAd_Scan
 .text.JoyStick_voidInit
                0x000056c2       0x32 ./HAL/JoyStick_Driver/JoyStick_prog.o
                0x000056c2                JoyStick_voidInit
 .text.JoyStick_voidStart
                0x000056f4       0x28 ./HAL/JoyStick_Driver/JoyStick_prog.o
                0x000056f4                JoyStick_voidStart
 .text.EEPROM_INTT
                0x0000571c       0x24 ./HAL/EEPROM/EEPROM_Prog.o
                0x0000571c                EEPROM_INTT
 .text.EEPROM_WriteData
                0x00005740       0x72 ./HAL/EEPROM/EEPROM_Prog.o
                0x00005740                EEPROM_WriteData
 .text.EEPROM_ReadData
                0x000057b2       0x90 ./HAL/EEPROM/EEPROM_Prog.o
                0x000057b2                EEPROM_ReadData
 .text.DC_MotorInit
                0x00005842       0x92 ./HAL/DC_Motor/DC_Motor_Prog.o
                0x00005842                DC_MotorInit
 .text.DC_MotorMoveRight
                0x000058d4       0xb0 ./HAL/DC_Motor/DC_Motor_Prog.o
                0x000058d4                DC_MotorMoveRight
 .text.DC_MotorMoveLeft
                0x00005984       0xb0 ./HAL/DC_Motor/DC_Motor_Prog.o
                0x00005984                DC_MotorMoveLeft
 .text.DC_MotorSetSpeed
                0x00005a34       0x3a ./HAL/DC_Motor/DC_Motor_Prog.o
                0x00005a34                DC_MotorSetSpeed
 .text.DC_MotorStop
                0x00005a6e       0xb0 ./HAL/DC_Motor/DC_Motor_Prog.o
                0x00005a6e                DC_MotorStop
 .text._7_SEG_Init
                0x00005b1e       0x16 ./HAL/7 segment/7_SEG.o
                0x00005b1e                _7_SEG_Init
 .text._7_SEG_Start
                0x00005b34      0x174 ./HAL/7 segment/7_SEG.o
                0x00005b34                _7_SEG_Start
 .text.main     0x00005ca8      0x212 ./main.o
                0x00005ca8                main
 .text.libgcc   0x00005eba       0x3e c:/winavr-20100110/bin/../lib/gcc/avr/4.3.3/avr5\libgcc.a(_mulsi3.o)
                0x00005eba                __mulsi3
 .text.libgcc   0x00005ef8       0x18 c:/winavr-20100110/bin/../lib/gcc/avr/4.3.3/avr5\libgcc.a(_udivmodqi4.o)
                0x00005ef8                __udivmodqi4
 .text.libgcc   0x00005f10       0x28 c:/winavr-20100110/bin/../lib/gcc/avr/4.3.3/avr5\libgcc.a(_udivmodhi4.o)
                0x00005f10                __udivmodhi4
 .text.libgcc   0x00005f38       0x44 c:/winavr-20100110/bin/../lib/gcc/avr/4.3.3/avr5\libgcc.a(_udivmodsi4.o)
                0x00005f38                __udivmodsi4
 .text.libgcc   0x00005f7c        0x0 c:/winavr-20100110/bin/../lib/gcc/avr/4.3.3/avr5\libgcc.a(_exit.o)
 .text.libgcc   0x00005f7c        0x0 c:/winavr-20100110/bin/../lib/gcc/avr/4.3.3/avr5\libgcc.a(_copy_data.o)
 .text.libgcc   0x00005f7c        0x0 c:/winavr-20100110/bin/../lib/gcc/avr/4.3.3/avr5\libgcc.a(_clear_bss.o)
 .text.libgcc   0x00005f7c       0x38 c:/winavr-20100110/bin/../lib/gcc/avr/4.3.3/avr5\libgcc.a(_prologue.o)
                0x00005f7c                __prologue_saves__
 .text.libgcc   0x00005fb4       0x36 c:/winavr-20100110/bin/../lib/gcc/avr/4.3.3/avr5\libgcc.a(_epilogue.o)
                0x00005fb4                __epilogue_restores__
 .text.avr-libc
                0x00005fea       0x12 c:/winavr-20100110/bin/../lib/gcc/avr/4.3.3/../../../../avr/lib/avr5\libc.a(strcmp.o)
                0x00005fea                strcmp
                0x00005ffc                . = ALIGN (0x2)
 *(.fini9)
 .fini9         0x00005ffc        0x0 c:/winavr-20100110/bin/../lib/gcc/avr/4.3.3/avr5\libgcc.a(_exit.o)
                0x00005ffc                exit
                0x00005ffc                _exit
 *(.fini9)
 *(.fini8)
 *(.fini8)
 *(.fini7)
 *(.fini7)
 *(.fini6)
 *(.fini6)
 *(.fini5)
 *(.fini5)
 *(.fini4)
 *(.fini4)
 *(.fini3)
 *(.fini3)
 *(.fini2)
 *(.fini2)
 *(.fini1)
 *(.fini1)
 *(.fini0)
 .fini0         0x00005ffc        0x4 c:/winavr-20100110/bin/../lib/gcc/avr/4.3.3/avr5\libgcc.a(_exit.o)
 *(.fini0)
                0x00006000                _etext = .

.data           0x00800060       0x72 load address 0x00006000
                0x00800060                PROVIDE (__data_start, .)
 *(.data)
 .data          0x00800060        0x0 c:/winavr-20100110/bin/../lib/gcc/avr/4.3.3/../../../../avr/lib/avr5/crtm32.o
 .data          0x00800060        0x0 ./MCAL/USART_Driver/USART.o
 .data          0x00800060        0x0 ./MCAL/TIMER1/Timer1_Prog.o
 .data          0x00800060        0x0 ./MCAL/TIMER1/Timer_services.o
 .data          0x00800060        0x0 ./MCAL/TIMER0/Timer0_Prog.o
 .data          0x00800060        0x0 ./MCAL/SPI_Driver/SPI.o
 .data          0x00800060        0x0 ./MCAL/IIC_Driver/IIC_Prog.o
 .data          0x00800060        0x0 ./MCAL/GIE_Driver/GIE.o
 .data          0x00800060        0x0 ./MCAL/EXTI_Driver/EXTI.o
 .data          0x00800060        0x0 ./MCAL/DIO_Driver/DIO.o
 .data          0x00800060        0x0 ./MCAL/ADC_Driver/ADC_Prog.o
 .data          0x00800060        0x0 ./HAL/Ultrasonic/Ultrasonic_Prog.o
 .data          0x00800060        0x0 ./HAL/Stepper_Motor/Stepper_Motor.o
 .data          0x00800060        0x0 ./HAL/PIR_Sensor/PIR_Sensor_Prog.o
 .data          0x00800060        0x0 ./HAL/LCD_Driver/LCD.o
 .data          0x00800060        0x0 ./HAL/KeyPad_Driver/Keypad.o
 .data          0x00800060        0x0 ./HAL/JoyStick_Driver/JoyStick_prog.o
 .data          0x00800060        0x0 ./HAL/EEPROM/EEPROM_Prog.o
 .data          0x00800060        0x0 ./HAL/DC_Motor/DC_Motor_Prog.o
 .data          0x00800060        0x0 ./HAL/7 segment/7_SEG.o
 .data          0x00800060       0x5f ./main.o
 .data          0x008000bf        0x0 c:/winavr-20100110/bin/../lib/gcc/avr/4.3.3/avr5\libgcc.a(_mulsi3.o)
 .data          0x008000bf        0x0 c:/winavr-20100110/bin/../lib/gcc/avr/4.3.3/avr5\libgcc.a(_udivmodqi4.o)
 .data          0x008000bf        0x0 c:/winavr-20100110/bin/../lib/gcc/avr/4.3.3/avr5\libgcc.a(_udivmodhi4.o)
 .data          0x008000bf        0x0 c:/winavr-20100110/bin/../lib/gcc/avr/4.3.3/avr5\libgcc.a(_udivmodsi4.o)
 .data          0x008000bf        0x0 c:/winavr-20100110/bin/../lib/gcc/avr/4.3.3/avr5\libgcc.a(_exit.o)
 .data          0x008000bf        0x0 c:/winavr-20100110/bin/../lib/gcc/avr/4.3.3/avr5\libgcc.a(_copy_data.o)
 .data          0x008000bf        0x0 c:/winavr-20100110/bin/../lib/gcc/avr/4.3.3/avr5\libgcc.a(_clear_bss.o)
 .data          0x008000bf        0x0 c:/winavr-20100110/bin/../lib/gcc/avr/4.3.3/avr5\libgcc.a(_fixunssfsi.o)
 .data          0x008000bf        0x0 c:/winavr-20100110/bin/../lib/gcc/avr/4.3.3/avr5\libgcc.a(_addsub_sf.o)
 .data          0x008000bf        0x0 c:/winavr-20100110/bin/../lib/gcc/avr/4.3.3/avr5\libgcc.a(_mul_sf.o)
 .data          0x008000bf        0x0 c:/winavr-20100110/bin/../lib/gcc/avr/4.3.3/avr5\libgcc.a(_div_sf.o)
 .data          0x008000bf        0x0 c:/winavr-20100110/bin/../lib/gcc/avr/4.3.3/avr5\libgcc.a(_gt_sf.o)
 .data          0x008000bf        0x0 c:/winavr-20100110/bin/../lib/gcc/avr/4.3.3/avr5\libgcc.a(_ge_sf.o)
 .data          0x008000bf        0x0 c:/winavr-20100110/bin/../lib/gcc/avr/4.3.3/avr5\libgcc.a(_lt_sf.o)
 .data          0x008000bf        0x0 c:/winavr-20100110/bin/../lib/gcc/avr/4.3.3/avr5\libgcc.a(_sf_to_si.o)
 .data          0x008000bf        0x8 c:/winavr-20100110/bin/../lib/gcc/avr/4.3.3/avr5\libgcc.a(_thenan_sf.o)
                0x008000bf                __thenan_sf
 .data          0x008000c7        0x0 c:/winavr-20100110/bin/../lib/gcc/avr/4.3.3/avr5\libgcc.a(_prologue.o)
 .data          0x008000c7        0x0 c:/winavr-20100110/bin/../lib/gcc/avr/4.3.3/avr5\libgcc.a(_epilogue.o)
 .data          0x008000c7        0x0 c:/winavr-20100110/bin/../lib/gcc/avr/4.3.3/avr5\libgcc.a(_pack_sf.o)
 .data          0x008000c7        0x0 c:/winavr-20100110/bin/../lib/gcc/avr/4.3.3/avr5\libgcc.a(_unpack_sf.o)
 .data          0x008000c7        0x0 c:/winavr-20100110/bin/../lib/gcc/avr/4.3.3/avr5\libgcc.a(_fpcmp_parts_sf.o)
 .data          0x008000c7        0x0 c:/winavr-20100110/bin/../lib/gcc/avr/4.3.3/../../../../avr/lib/avr5\libc.a(strcmp.o)
 *(.data*)
 *(.rodata)
 *(.rodata*)
 .rodata.C.0.1305
                0x008000c7        0xb ./HAL/7 segment/7_SEG.o
 *(.gnu.linkonce.d*)
                0x008000d2                . = ALIGN (0x2)
                0x008000d2                _edata = .
                0x008000d2                PROVIDE (__data_end, .)

.bss            0x008000d2       0x26
                0x008000d2                PROVIDE (__bss_start, .)
 *(.bss)
 .bss           0x008000d2        0x0 c:/winavr-20100110/bin/../lib/gcc/avr/4.3.3/../../../../avr/lib/avr5/crtm32.o
 .bss           0x008000d2        0x0 ./MCAL/USART_Driver/USART.o
 .bss           0x008000d2        0x0 ./MCAL/TIMER1/Timer1_Prog.o
 .bss           0x008000d2        0x0 ./MCAL/TIMER1/Timer_services.o
 .bss           0x008000d2        0x0 ./MCAL/TIMER0/Timer0_Prog.o
 .bss           0x008000d2        0x0 ./MCAL/SPI_Driver/SPI.o
 .bss           0x008000d2        0x0 ./MCAL/IIC_Driver/IIC_Prog.o
 .bss           0x008000d2        0x0 ./MCAL/GIE_Driver/GIE.o
 .bss           0x008000d2        0x0 ./MCAL/EXTI_Driver/EXTI.o
 .bss           0x008000d2        0x0 ./MCAL/DIO_Driver/DIO.o
 .bss           0x008000d2        0x0 ./MCAL/ADC_Driver/ADC_Prog.o
 .bss           0x008000d2        0x0 ./HAL/Ultrasonic/Ultrasonic_Prog.o
 .bss           0x008000d2        0x0 ./HAL/Stepper_Motor/Stepper_Motor.o
 .bss           0x008000d2        0x0 ./HAL/PIR_Sensor/PIR_Sensor_Prog.o
 .bss           0x008000d2        0x0 ./HAL/LCD_Driver/LCD.o
 .bss           0x008000d2        0x0 ./HAL/KeyPad_Driver/Keypad.o
 .bss           0x008000d2        0x0 ./HAL/JoyStick_Driver/JoyStick_prog.o
 .bss           0x008000d2        0x0 ./HAL/EEPROM/EEPROM_Prog.o
 .bss           0x008000d2        0x0 ./HAL/DC_Motor/DC_Motor_Prog.o
 .bss           0x008000d2        0x0 ./HAL/7 segment/7_SEG.o
 .bss           0x008000d2        0x0 ./main.o
 .bss           0x008000d2        0x0 c:/winavr-20100110/bin/../lib/gcc/avr/4.3.3/avr5\libgcc.a(_mulsi3.o)
 .bss           0x008000d2        0x0 c:/winavr-20100110/bin/../lib/gcc/avr/4.3.3/avr5\libgcc.a(_udivmodqi4.o)
 .bss           0x008000d2        0x0 c:/winavr-20100110/bin/../lib/gcc/avr/4.3.3/avr5\libgcc.a(_udivmodhi4.o)
 .bss           0x008000d2        0x0 c:/winavr-20100110/bin/../lib/gcc/avr/4.3.3/avr5\libgcc.a(_udivmodsi4.o)
 .bss           0x008000d2        0x0 c:/winavr-20100110/bin/../lib/gcc/avr/4.3.3/avr5\libgcc.a(_exit.o)
 .bss           0x008000d2        0x0 c:/winavr-20100110/bin/../lib/gcc/avr/4.3.3/avr5\libgcc.a(_copy_data.o)
 .bss           0x008000d2        0x0 c:/winavr-20100110/bin/../lib/gcc/avr/4.3.3/avr5\libgcc.a(_clear_bss.o)
 .bss           0x008000d2        0x0 c:/winavr-20100110/bin/../lib/gcc/avr/4.3.3/avr5\libgcc.a(_fixunssfsi.o)
 .bss           0x008000d2        0x0 c:/winavr-20100110/bin/../lib/gcc/avr/4.3.3/avr5\libgcc.a(_addsub_sf.o)
 .bss           0x008000d2        0x0 c:/winavr-20100110/bin/../lib/gcc/avr/4.3.3/avr5\libgcc.a(_mul_sf.o)
 .bss           0x008000d2        0x0 c:/winavr-20100110/bin/../lib/gcc/avr/4.3.3/avr5\libgcc.a(_div_sf.o)
 .bss           0x008000d2        0x0 c:/winavr-20100110/bin/../lib/gcc/avr/4.3.3/avr5\libgcc.a(_gt_sf.o)
 .bss           0x008000d2        0x0 c:/winavr-20100110/bin/../lib/gcc/avr/4.3.3/avr5\libgcc.a(_ge_sf.o)
 .bss           0x008000d2        0x0 c:/winavr-20100110/bin/../lib/gcc/avr/4.3.3/avr5\libgcc.a(_lt_sf.o)
 .bss           0x008000d2        0x0 c:/winavr-20100110/bin/../lib/gcc/avr/4.3.3/avr5\libgcc.a(_sf_to_si.o)
 .bss           0x008000d2        0x0 c:/winavr-20100110/bin/../lib/gcc/avr/4.3.3/avr5\libgcc.a(_thenan_sf.o)
 .bss           0x008000d2        0x0 c:/winavr-20100110/bin/../lib/gcc/avr/4.3.3/avr5\libgcc.a(_prologue.o)
 .bss           0x008000d2        0x0 c:/winavr-20100110/bin/../lib/gcc/avr/4.3.3/avr5\libgcc.a(_epilogue.o)
 .bss           0x008000d2        0x0 c:/winavr-20100110/bin/../lib/gcc/avr/4.3.3/avr5\libgcc.a(_pack_sf.o)
 .bss           0x008000d2        0x0 c:/winavr-20100110/bin/../lib/gcc/avr/4.3.3/avr5\libgcc.a(_unpack_sf.o)
 .bss           0x008000d2        0x0 c:/winavr-20100110/bin/../lib/gcc/avr/4.3.3/avr5\libgcc.a(_fpcmp_parts_sf.o)
 .bss           0x008000d2        0x0 c:/winavr-20100110/bin/../lib/gcc/avr/4.3.3/../../../../avr/lib/avr5\libc.a(strcmp.o)
 *(.bss*)
 .bss.GLOB_VidTimer1OVFPtrCallBack
                0x008000d2        0x2 ./MCAL/TIMER1/Timer1_Prog.o
                0x008000d2                GLOB_VidTimer1OVFPtrCallBack
 .bss.GLOB_VidTimer1OCAPtrCallBack
                0x008000d4        0x2 ./MCAL/TIMER1/Timer1_Prog.o
                0x008000d4                GLOB_VidTimer1OCAPtrCallBack
 .bss.GLOB_VidTimer1OCBPtrCallBack
                0x008000d6        0x2 ./MCAL/TIMER1/Timer1_Prog.o
                0x008000d6                GLOB_VidTimer1OCBPtrCallBack
 .bss.GLOB_VidTimer1CaptureEventPtrCallBack
                0x008000d8        0x2 ./MCAL/TIMER1/Timer1_Prog.o
                0x008000d8                GLOB_VidTimer1CaptureEventPtrCallBack
 .bss.flag      0x008000da        0x1 ./MCAL/TIMER1/Timer_services.o
                0x008000da                flag
 .bss.GLOB_VidTimer0OVFPtrCallBack
                0x008000db        0x2 ./MCAL/TIMER0/Timer0_Prog.o
                0x008000db                GLOB_VidTimer0OVFPtrCallBack
 .bss.GLOB_VidTimer0OCMPtrCallBack
                0x008000dd        0x2 ./MCAL/TIMER0/Timer0_Prog.o
                0x008000dd                GLOB_VidTimer0OCMPtrCallBack
 .bss.INT0_Fptr
                0x008000df        0x2 ./MCAL/EXTI_Driver/EXTI.o
 .bss.INT1_Fptr
                0x008000e1        0x2 ./MCAL/EXTI_Driver/EXTI.o
 .bss.INT2_Fptr
                0x008000e3        0x2 ./MCAL/EXTI_Driver/EXTI.o
 .bss.ADC_GptrFun
                0x008000e5        0x2 ./MCAL/ADC_Driver/ADC_Prog.o
 .bss.ADCGptrParameter
                0x008000e7        0x2 ./MCAL/ADC_Driver/ADC_Prog.o
 .bss.c         0x008000e9        0x1 ./HAL/Ultrasonic/Ultrasonic_Prog.o
 .bss.c1        0x008000ea        0x1 ./HAL/Ultrasonic/Ultrasonic_Prog.o
 .bss.c2        0x008000eb        0x1 ./HAL/Ultrasonic/Ultrasonic_Prog.o
 .bss.flag      0x008000ec        0x1 ./HAL/Ultrasonic/Ultrasonic_Prog.o
 .bss.t1        0x008000ed        0x2 ./HAL/Ultrasonic/Ultrasonic_Prog.o
 .bss.t2        0x008000ef        0x2 ./HAL/Ultrasonic/Ultrasonic_Prog.o
 .bss.Init_Is_Finshed
                0x008000f1        0x1 ./HAL/LCD_Driver/LCD.o
 *(COMMON)
 COMMON         0x008000f2        0x6 ./MCAL/TIMER1/Timer_services.o
                0x008000f2                t3
                0x008000f4                t2
                0x008000f6                t1
                0x008000f8                PROVIDE (__bss_end, .)
                0x00006000                __data_load_start = LOADADDR (.data)
                0x00006072                __data_load_end = (__data_load_start + SIZEOF (.data))

.noinit         0x008000f8        0x0
                0x008000f8                PROVIDE (__noinit_start, .)
 *(.noinit*)
                0x008000f8                PROVIDE (__noinit_end, .)
                0x008000f8                _end = .
                0x008000f8                PROVIDE (__heap_start, .)

.eeprom         0x00810000        0x0
 *(.eeprom*)
                0x00810000                __eeprom_end = .

.fuse
 *(.fuse)
 *(.lfuse)
 *(.hfuse)
 *(.efuse)

.lock
 *(.lock*)

.signature
 *(.signature*)

.stab           0x00000000     0x7698
 *(.stab)
 .stab          0x00000000      0x51c ./MCAL/USART_Driver/USART.o
 .stab          0x0000051c      0xdc8 ./MCAL/TIMER1/Timer1_Prog.o
                                0xe1c (size before relaxing)
 .stab          0x000012e4      0x2c4 ./MCAL/TIMER1/Timer_services.o
                                0x324 (size before relaxing)
 .stab          0x000015a8      0x4d4 ./MCAL/TIMER0/Timer0_Prog.o
                                0x528 (size before relaxing)
 .stab          0x00001a7c      0x5a0 ./MCAL/SPI_Driver/SPI.o
                                0x618 (size before relaxing)
 .stab          0x0000201c      0x7d4 ./MCAL/IIC_Driver/IIC_Prog.o
                                0x84c (size before relaxing)
 .stab          0x000027f0      0x1e0 ./MCAL/GIE_Driver/GIE.o
                                0x258 (size before relaxing)
 .stab          0x000029d0      0x648 ./MCAL/EXTI_Driver/EXTI.o
                                0x6a8 (size before relaxing)
 .stab          0x00003018      0x63c ./MCAL/DIO_Driver/DIO.o
                                0x7ec (size before relaxing)
 .stab          0x00003654      0x738 ./MCAL/ADC_Driver/ADC_Prog.o
                                0x948 (size before relaxing)
 .stab          0x00003d8c      0x798 ./HAL/Ultrasonic/Ultrasonic_Prog.o
                                0x984 (size before relaxing)
 .stab          0x00004524      0xcf0 ./HAL/Stepper_Motor/Stepper_Motor.o
                                0xedc (size before relaxing)
 .stab          0x00005214      0x210 ./HAL/PIR_Sensor/PIR_Sensor_Prog.o
                                0x3fc (size before relaxing)
 .stab          0x00005424      0xdf8 ./HAL/LCD_Driver/LCD.o
                                0xfe4 (size before relaxing)
 .stab          0x0000621c      0x36c ./HAL/KeyPad_Driver/Keypad.o
                                0x558 (size before relaxing)
 .stab          0x00006588      0x240 ./HAL/JoyStick_Driver/JoyStick_prog.o
                                0x450 (size before relaxing)
 .stab          0x000067c8      0x3e4 ./HAL/EEPROM/EEPROM_Prog.o
                                0x5b8 (size before relaxing)
 .stab          0x00006bac      0x480 ./HAL/DC_Motor/DC_Motor_Prog.o
                                0x69c (size before relaxing)
 .stab          0x0000702c      0x2b8 ./HAL/7 segment/7_SEG.o
                                0x4a4 (size before relaxing)
 .stab          0x000072e4      0x3b4 ./main.o
                                0x5c4 (size before relaxing)

.stabstr        0x00000000     0x321a
 *(.stabstr)
 .stabstr       0x00000000     0x321a ./MCAL/USART_Driver/USART.o

.stab.excl
 *(.stab.excl)

.stab.exclstr
 *(.stab.exclstr)

.stab.index
 *(.stab.index)

.stab.indexstr
 *(.stab.indexstr)

.comment
 *(.comment)

.debug
 *(.debug)

.line
 *(.line)

.debug_srcinfo
 *(.debug_srcinfo)

.debug_sfnames
 *(.debug_sfnames)

.debug_aranges  0x00000000      0x160
 *(.debug_aranges)
 .debug_aranges
                0x00000000       0x20 c:/winavr-20100110/bin/../lib/gcc/avr/4.3.3/avr5\libgcc.a(_fixunssfsi.o)
 .debug_aranges
                0x00000020       0x20 c:/winavr-20100110/bin/../lib/gcc/avr/4.3.3/avr5\libgcc.a(_addsub_sf.o)
 .debug_aranges
                0x00000040       0x20 c:/winavr-20100110/bin/../lib/gcc/avr/4.3.3/avr5\libgcc.a(_mul_sf.o)
 .debug_aranges
                0x00000060       0x20 c:/winavr-20100110/bin/../lib/gcc/avr/4.3.3/avr5\libgcc.a(_div_sf.o)
 .debug_aranges
                0x00000080       0x20 c:/winavr-20100110/bin/../lib/gcc/avr/4.3.3/avr5\libgcc.a(_gt_sf.o)
 .debug_aranges
                0x000000a0       0x20 c:/winavr-20100110/bin/../lib/gcc/avr/4.3.3/avr5\libgcc.a(_ge_sf.o)
 .debug_aranges
                0x000000c0       0x20 c:/winavr-20100110/bin/../lib/gcc/avr/4.3.3/avr5\libgcc.a(_lt_sf.o)
 .debug_aranges
                0x000000e0       0x20 c:/winavr-20100110/bin/../lib/gcc/avr/4.3.3/avr5\libgcc.a(_sf_to_si.o)
 .debug_aranges
                0x00000100       0x20 c:/winavr-20100110/bin/../lib/gcc/avr/4.3.3/avr5\libgcc.a(_pack_sf.o)
 .debug_aranges
                0x00000120       0x20 c:/winavr-20100110/bin/../lib/gcc/avr/4.3.3/avr5\libgcc.a(_unpack_sf.o)
 .debug_aranges
                0x00000140       0x20 c:/winavr-20100110/bin/../lib/gcc/avr/4.3.3/avr5\libgcc.a(_fpcmp_parts_sf.o)

.debug_pubnames
                0x00000000      0x18f
 *(.debug_pubnames)
 .debug_pubnames
                0x00000000       0x23 c:/winavr-20100110/bin/../lib/gcc/avr/4.3.3/avr5\libgcc.a(_fixunssfsi.o)
 .debug_pubnames
                0x00000023       0x2c c:/winavr-20100110/bin/../lib/gcc/avr/4.3.3/avr5\libgcc.a(_addsub_sf.o)
 .debug_pubnames
                0x0000004f       0x1f c:/winavr-20100110/bin/../lib/gcc/avr/4.3.3/avr5\libgcc.a(_mul_sf.o)
 .debug_pubnames
                0x0000006e       0x1f c:/winavr-20100110/bin/../lib/gcc/avr/4.3.3/avr5\libgcc.a(_div_sf.o)
 .debug_pubnames
                0x0000008d       0x1e c:/winavr-20100110/bin/../lib/gcc/avr/4.3.3/avr5\libgcc.a(_gt_sf.o)
 .debug_pubnames
                0x000000ab       0x1e c:/winavr-20100110/bin/../lib/gcc/avr/4.3.3/avr5\libgcc.a(_ge_sf.o)
 .debug_pubnames
                0x000000c9       0x1e c:/winavr-20100110/bin/../lib/gcc/avr/4.3.3/avr5\libgcc.a(_lt_sf.o)
 .debug_pubnames
                0x000000e7       0x20 c:/winavr-20100110/bin/../lib/gcc/avr/4.3.3/avr5\libgcc.a(_sf_to_si.o)
 .debug_pubnames
                0x00000107       0x22 c:/winavr-20100110/bin/../lib/gcc/avr/4.3.3/avr5\libgcc.a(_thenan_sf.o)
 .debug_pubnames
                0x00000129       0x1f c:/winavr-20100110/bin/../lib/gcc/avr/4.3.3/avr5\libgcc.a(_pack_sf.o)
 .debug_pubnames
                0x00000148       0x21 c:/winavr-20100110/bin/../lib/gcc/avr/4.3.3/avr5\libgcc.a(_unpack_sf.o)
 .debug_pubnames
                0x00000169       0x26 c:/winavr-20100110/bin/../lib/gcc/avr/4.3.3/avr5\libgcc.a(_fpcmp_parts_sf.o)

.debug_info     0x00000000     0x2045
 *(.debug_info)
 .debug_info    0x00000000       0xb1 c:/winavr-20100110/bin/../lib/gcc/avr/4.3.3/avr5\libgcc.a(_fixunssfsi.o)
 .debug_info    0x000000b1      0x47a c:/winavr-20100110/bin/../lib/gcc/avr/4.3.3/avr5\libgcc.a(_addsub_sf.o)
 .debug_info    0x0000052b      0x485 c:/winavr-20100110/bin/../lib/gcc/avr/4.3.3/avr5\libgcc.a(_mul_sf.o)
 .debug_info    0x000009b0      0x3fc c:/winavr-20100110/bin/../lib/gcc/avr/4.3.3/avr5\libgcc.a(_div_sf.o)
 .debug_info    0x00000dac      0x27f c:/winavr-20100110/bin/../lib/gcc/avr/4.3.3/avr5\libgcc.a(_gt_sf.o)
 .debug_info    0x0000102b      0x27f c:/winavr-20100110/bin/../lib/gcc/avr/4.3.3/avr5\libgcc.a(_ge_sf.o)
 .debug_info    0x000012aa      0x27f c:/winavr-20100110/bin/../lib/gcc/avr/4.3.3/avr5\libgcc.a(_lt_sf.o)
 .debug_info    0x00001529      0x2b0 c:/winavr-20100110/bin/../lib/gcc/avr/4.3.3/avr5\libgcc.a(_sf_to_si.o)
 .debug_info    0x000017d9      0x12c c:/winavr-20100110/bin/../lib/gcc/avr/4.3.3/avr5\libgcc.a(_thenan_sf.o)
 .debug_info    0x00001905      0x2df c:/winavr-20100110/bin/../lib/gcc/avr/4.3.3/avr5\libgcc.a(_pack_sf.o)
 .debug_info    0x00001be4      0x251 c:/winavr-20100110/bin/../lib/gcc/avr/4.3.3/avr5\libgcc.a(_unpack_sf.o)
 .debug_info    0x00001e35      0x210 c:/winavr-20100110/bin/../lib/gcc/avr/4.3.3/avr5\libgcc.a(_fpcmp_parts_sf.o)
 *(.gnu.linkonce.wi.*)

.debug_abbrev   0x00000000     0x1101
 *(.debug_abbrev)
 .debug_abbrev  0x00000000       0x5d c:/winavr-20100110/bin/../lib/gcc/avr/4.3.3/avr5\libgcc.a(_fixunssfsi.o)
 .debug_abbrev  0x0000005d      0x1ea c:/winavr-20100110/bin/../lib/gcc/avr/4.3.3/avr5\libgcc.a(_addsub_sf.o)
 .debug_abbrev  0x00000247      0x21b c:/winavr-20100110/bin/../lib/gcc/avr/4.3.3/avr5\libgcc.a(_mul_sf.o)
 .debug_abbrev  0x00000462      0x216 c:/winavr-20100110/bin/../lib/gcc/avr/4.3.3/avr5\libgcc.a(_div_sf.o)
 .debug_abbrev  0x00000678      0x15a c:/winavr-20100110/bin/../lib/gcc/avr/4.3.3/avr5\libgcc.a(_gt_sf.o)
 .debug_abbrev  0x000007d2      0x15a c:/winavr-20100110/bin/../lib/gcc/avr/4.3.3/avr5\libgcc.a(_ge_sf.o)
 .debug_abbrev  0x0000092c      0x15a c:/winavr-20100110/bin/../lib/gcc/avr/4.3.3/avr5\libgcc.a(_lt_sf.o)
 .debug_abbrev  0x00000a86      0x17f c:/winavr-20100110/bin/../lib/gcc/avr/4.3.3/avr5\libgcc.a(_sf_to_si.o)
 .debug_abbrev  0x00000c05       0xad c:/winavr-20100110/bin/../lib/gcc/avr/4.3.3/avr5\libgcc.a(_thenan_sf.o)
 .debug_abbrev  0x00000cb2      0x1c0 c:/winavr-20100110/bin/../lib/gcc/avr/4.3.3/avr5\libgcc.a(_pack_sf.o)
 .debug_abbrev  0x00000e72      0x154 c:/winavr-20100110/bin/../lib/gcc/avr/4.3.3/avr5\libgcc.a(_unpack_sf.o)
 .debug_abbrev  0x00000fc6      0x13b c:/winavr-20100110/bin/../lib/gcc/avr/4.3.3/avr5\libgcc.a(_fpcmp_parts_sf.o)

.debug_line     0x00000000      0xf82
 *(.debug_line)
 .debug_line    0x00000000       0xa7 c:/winavr-20100110/bin/../lib/gcc/avr/4.3.3/avr5\libgcc.a(_fixunssfsi.o)
 .debug_line    0x000000a7      0x2af c:/winavr-20100110/bin/../lib/gcc/avr/4.3.3/avr5\libgcc.a(_addsub_sf.o)
 .debug_line    0x00000356      0x239 c:/winavr-20100110/bin/../lib/gcc/avr/4.3.3/avr5\libgcc.a(_mul_sf.o)
 .debug_line    0x0000058f      0x1d5 c:/winavr-20100110/bin/../lib/gcc/avr/4.3.3/avr5\libgcc.a(_div_sf.o)
 .debug_line    0x00000764       0xd3 c:/winavr-20100110/bin/../lib/gcc/avr/4.3.3/avr5\libgcc.a(_gt_sf.o)
 .debug_line    0x00000837       0xd3 c:/winavr-20100110/bin/../lib/gcc/avr/4.3.3/avr5\libgcc.a(_ge_sf.o)
 .debug_line    0x0000090a       0xd3 c:/winavr-20100110/bin/../lib/gcc/avr/4.3.3/avr5\libgcc.a(_lt_sf.o)
 .debug_line    0x000009dd      0x109 c:/winavr-20100110/bin/../lib/gcc/avr/4.3.3/avr5\libgcc.a(_sf_to_si.o)
 .debug_line    0x00000ae6       0x90 c:/winavr-20100110/bin/../lib/gcc/avr/4.3.3/avr5\libgcc.a(_thenan_sf.o)
 .debug_line    0x00000b76      0x18a c:/winavr-20100110/bin/../lib/gcc/avr/4.3.3/avr5\libgcc.a(_pack_sf.o)
 .debug_line    0x00000d00      0x14b c:/winavr-20100110/bin/../lib/gcc/avr/4.3.3/avr5\libgcc.a(_unpack_sf.o)
 .debug_line    0x00000e4b      0x137 c:/winavr-20100110/bin/../lib/gcc/avr/4.3.3/avr5\libgcc.a(_fpcmp_parts_sf.o)

.debug_frame    0x00000000      0x180
 *(.debug_frame)
 .debug_frame   0x00000000       0x20 c:/winavr-20100110/bin/../lib/gcc/avr/4.3.3/avr5\libgcc.a(_fixunssfsi.o)
 .debug_frame   0x00000020       0x40 c:/winavr-20100110/bin/../lib/gcc/avr/4.3.3/avr5\libgcc.a(_addsub_sf.o)
 .debug_frame   0x00000060       0x20 c:/winavr-20100110/bin/../lib/gcc/avr/4.3.3/avr5\libgcc.a(_mul_sf.o)
 .debug_frame   0x00000080       0x20 c:/winavr-20100110/bin/../lib/gcc/avr/4.3.3/avr5\libgcc.a(_div_sf.o)
 .debug_frame   0x000000a0       0x20 c:/winavr-20100110/bin/../lib/gcc/avr/4.3.3/avr5\libgcc.a(_gt_sf.o)
 .debug_frame   0x000000c0       0x20 c:/winavr-20100110/bin/../lib/gcc/avr/4.3.3/avr5\libgcc.a(_ge_sf.o)
 .debug_frame   0x000000e0       0x20 c:/winavr-20100110/bin/../lib/gcc/avr/4.3.3/avr5\libgcc.a(_lt_sf.o)
 .debug_frame   0x00000100       0x20 c:/winavr-20100110/bin/../lib/gcc/avr/4.3.3/avr5\libgcc.a(_sf_to_si.o)
 .debug_frame   0x00000120       0x20 c:/winavr-20100110/bin/../lib/gcc/avr/4.3.3/avr5\libgcc.a(_pack_sf.o)
 .debug_frame   0x00000140       0x20 c:/winavr-20100110/bin/../lib/gcc/avr/4.3.3/avr5\libgcc.a(_unpack_sf.o)
 .debug_frame   0x00000160       0x20 c:/winavr-20100110/bin/../lib/gcc/avr/4.3.3/avr5\libgcc.a(_fpcmp_parts_sf.o)

.debug_str      0x00000000      0x2c2
 *(.debug_str)
 .debug_str     0x00000000       0xbf c:/winavr-20100110/bin/../lib/gcc/avr/4.3.3/avr5\libgcc.a(_fixunssfsi.o)
                                 0xfe (size before relaxing)
 .debug_str     0x000000bf      0x14d c:/winavr-20100110/bin/../lib/gcc/avr/4.3.3/avr5\libgcc.a(_addsub_sf.o)
                                0x206 (size before relaxing)
 .debug_str     0x0000020c       0x27 c:/winavr-20100110/bin/../lib/gcc/avr/4.3.3/avr5\libgcc.a(_mul_sf.o)
                                0x1bf (size before relaxing)
 .debug_str     0x00000233       0x35 c:/winavr-20100110/bin/../lib/gcc/avr/4.3.3/avr5\libgcc.a(_div_sf.o)
                                0x1c8 (size before relaxing)
 .debug_str     0x00000268        0xf c:/winavr-20100110/bin/../lib/gcc/avr/4.3.3/avr5\libgcc.a(_gt_sf.o)
                                0x195 (size before relaxing)
 .debug_str     0x00000277        0x8 c:/winavr-20100110/bin/../lib/gcc/avr/4.3.3/avr5\libgcc.a(_ge_sf.o)
                                0x195 (size before relaxing)
 .debug_str     0x0000027f        0x8 c:/winavr-20100110/bin/../lib/gcc/avr/4.3.3/avr5\libgcc.a(_lt_sf.o)
                                0x195 (size before relaxing)
 .debug_str     0x00000287        0xa c:/winavr-20100110/bin/../lib/gcc/avr/4.3.3/avr5\libgcc.a(_sf_to_si.o)
                                0x19e (size before relaxing)
 .debug_str     0x00000000      0x103 c:/winavr-20100110/bin/../lib/gcc/avr/4.3.3/avr5\libgcc.a(_thenan_sf.o)
 .debug_str     0x00000291       0x16 c:/winavr-20100110/bin/../lib/gcc/avr/4.3.3/avr5\libgcc.a(_pack_sf.o)
                                0x19d (size before relaxing)
 .debug_str     0x000002a7        0xb c:/winavr-20100110/bin/../lib/gcc/avr/4.3.3/avr5\libgcc.a(_unpack_sf.o)
                                0x17f (size before relaxing)
 .debug_str     0x000002b2       0x10 c:/winavr-20100110/bin/../lib/gcc/avr/4.3.3/avr5\libgcc.a(_fpcmp_parts_sf.o)
                                0x163 (size before relaxing)

.debug_loc      0x00000000      0x88e
 *(.debug_loc)
 .debug_loc     0x00000000       0x34 c:/winavr-20100110/bin/../lib/gcc/avr/4.3.3/avr5\libgcc.a(_fixunssfsi.o)
 .debug_loc     0x00000034      0x32a c:/winavr-20100110/bin/../lib/gcc/avr/4.3.3/avr5\libgcc.a(_addsub_sf.o)
 .debug_loc     0x0000035e      0x104 c:/winavr-20100110/bin/../lib/gcc/avr/4.3.3/avr5\libgcc.a(_mul_sf.o)
 .debug_loc     0x00000462       0xc0 c:/winavr-20100110/bin/../lib/gcc/avr/4.3.3/avr5\libgcc.a(_div_sf.o)
 .debug_loc     0x00000522       0x3c c:/winavr-20100110/bin/../lib/gcc/avr/4.3.3/avr5\libgcc.a(_gt_sf.o)
 .debug_loc     0x0000055e       0x3c c:/winavr-20100110/bin/../lib/gcc/avr/4.3.3/avr5\libgcc.a(_ge_sf.o)
 .debug_loc     0x0000059a       0x3c c:/winavr-20100110/bin/../lib/gcc/avr/4.3.3/avr5\libgcc.a(_lt_sf.o)
 .debug_loc     0x000005d6       0x7e c:/winavr-20100110/bin/../lib/gcc/avr/4.3.3/avr5\libgcc.a(_sf_to_si.o)
 .debug_loc     0x00000654      0x13e c:/winavr-20100110/bin/../lib/gcc/avr/4.3.3/avr5\libgcc.a(_pack_sf.o)
 .debug_loc     0x00000792       0xac c:/winavr-20100110/bin/../lib/gcc/avr/4.3.3/avr5\libgcc.a(_unpack_sf.o)
 .debug_loc     0x0000083e       0x50 c:/winavr-20100110/bin/../lib/gcc/avr/4.3.3/avr5\libgcc.a(_fpcmp_parts_sf.o)

.debug_macinfo
 *(.debug_macinfo)
OUTPUT(AVR_Driver.elf elf32-avr)
LOAD linker stubs

.debug_ranges   0x00000000       0x50
 .debug_ranges  0x00000000       0x50 c:/winavr-20100110/bin/../lib/gcc/avr/4.3.3/avr5\libgcc.a(_mul_sf.o)
